Started
SetConsoleCtrlHandler success: 1
Received ctrl_type: 2
